// Jest Snapshot v1, https://goo.gl/fbAQLP

exports[`<GameMetaInfo /> matches snapshot 1`] = `
<div>
  <div
    class="root"
  >
    <div
      class="item"
    >
      <div
        class="root"
      >
        <div
          class="title"
        >
          Platforms
        </div>
        <div>
          <span
            class="item"
          >
            PC, 
          </span>
        </div>
        <div>
          <span
            class="item"
          >
            Xbox One
          </span>
        </div>
      </div>
    </div>
    <div
      class="item"
    >
      <div
        class="root"
      >
        <div
          class="title"
        >
          Metascore
        </div>
        <div
          class="score"
        >
          95
        </div>
      </div>
    </div>
    <div
      class="item"
    >
      <div
        class="root"
      >
        <div
          class="title"
        >
          Genres
        </div>
        <div>
          <span
            class="item"
          >
            Shooter, 
          </span>
        </div>
        <div>
          <span
            class="item"
          >
            Puzzle
          </span>
        </div>
      </div>
    </div>
    <div
      class="item"
    >
      <div
        class="root"
      >
        <div
          class="title"
        >
          Release date
        </div>
        2011-04-18
      </div>
    </div>
    <div
      class="item"
    >
      <div
        class="root"
      >
        <div
          class="title"
        >
          Tags
        </div>
        <div>
          <span
            class="item"
          >
            Singleplayer
          </span>
        </div>
      </div>
    </div>
    <div
      class="item"
    >
      <div
        class="root"
      >
        <div
          class="title"
        >
          Age rating
        </div>
        Everyone 10+
      </div>
    </div>
  </div>
</div>
`;
