// Jest Snapshot v1, https://goo.gl/fbAQLP

exports[`<Menu /> matches snapshot 1`] = `
<div>
  <div
    class="root"
  >
    <span />
    <div
      class="content"
    >
      <div>
        <div
          class="item"
        >
          Home
        </div>
      </div>
      <div>
        <div
          class="item"
        >
          Developers
        </div>
      </div>
      <div>
        <div
          class="item"
        >
          Publishers
        </div>
      </div>
      <div>
        <div
          class="item"
        >
          Stores
        </div>
      </div>
      <div>
        <div
          class="item"
        >
          Tags
        </div>
      </div>
      <div
        class="list"
      >
        <div
          class="root"
        >
          <div>
            <div
              class="title"
            >
              Genres
            </div>
          </div>
          <div>
            <div
              class="item"
            >
              <img
                alt="Feral Interactive"
                class="background"
                src="https://media.rawg.io/media/crop/600/400/games/157/15742f2f67eacff546738e1ab5c19d20.jpg"
              />
              <div
                class="name"
              >
                Feral Interactive
              </div>
            </div>
          </div>
        </div>
      </div>
      <div
        class="list"
      >
        <div
          class="root"
        >
          <div>
            <div
              class="title"
            >
              Platforms
            </div>
          </div>
          <div>
            <div
              class="item"
            >
              <img
                alt="Ubisoft"
                class="background"
                src="https://media.rawg.io/media/crop/600/400/games/5e4/5e4bff02098b2b6f824c68286d5da1a6.jpg"
              />
              <div
                class="name"
              >
                Ubisoft
              </div>
            </div>
          </div>
        </div>
      </div>
      <div
        class="list"
      >
        <div
          class="root"
        >
          <div>
            <div
              class="title"
            >
              Stores
            </div>
          </div>
        </div>
      </div>
    </div>
  </div>
</div>
`;
