// Jest Snapshot v1, https://goo.gl/fbAQLP

exports[`<GamePage /> matches snapshot 1`] = `
<div>
  <div
    class="root"
  >
    <div
      class="releaseDate"
    >
      2011-04-18
    </div>
    <h1
      class="title"
    >
      Portal 2
    </h1>
    <div
      class="main"
    >
      <div
        class="info"
      >
        <div
          class="totalRating"
        >
          4.6
        </div>
        <div
          class="ratings"
        >
          <div
            class="rating"
          >
            exceptional:
            <div
              class="count"
            >
              2726
            </div>
          </div>
          <div
            class="rating"
          >
            recommended:
            <div
              class="count"
            >
              985
            </div>
          </div>
          <div
            class="rating"
          >
            meh:
            <div
              class="count"
            >
              104
            </div>
          </div>
          <div
            class="rating"
          >
            skip:
            <div
              class="count"
            >
              72
            </div>
          </div>
          <div
            class="rating"
          >
            Total ratings:
            <div
              class="count"
            >
              3854
            </div>
          </div>
        </div>
      </div>
      <video
        autoplay=""
        class="video"
        controls=""
        loop=""
        playsinline=""
        src="https://media.rawg.io/media/stories-640/fde/fde8aaeeab956f6b705bbb4161b09004.mp4"
      />
    </div>
    <div
      class="metaInfo"
    >
      <div
        class="root"
      >
        <div
          class="item"
        >
          <div
            class="root"
          >
            <div
              class="title"
            >
              Platforms
            </div>
            <div>
              <span
                class="item"
              >
                PC, 
              </span>
            </div>
            <div>
              <span
                class="item"
              >
                Xbox One
              </span>
            </div>
          </div>
        </div>
        <div
          class="item"
        >
          <div
            class="root"
          >
            <div
              class="title"
            >
              Metascore
            </div>
            <div
              class="score"
            >
              95
            </div>
          </div>
        </div>
        <div
          class="item"
        >
          <div
            class="root"
          >
            <div
              class="title"
            >
              Genres
            </div>
            <div>
              <span
                class="item"
              >
                Shooter, 
              </span>
            </div>
            <div>
              <span
                class="item"
              >
                Puzzle
              </span>
            </div>
          </div>
        </div>
        <div
          class="item"
        >
          <div
            class="root"
          >
            <div
              class="title"
            >
              Release date
            </div>
            2011-04-18
          </div>
        </div>
        <div
          class="item"
        >
          <div
            class="root"
          >
            <div
              class="title"
            >
              Tags
            </div>
            <div>
              <span
                class="item"
              >
                Singleplayer
              </span>
            </div>
          </div>
        </div>
        <div
          class="item"
        >
          <div
            class="root"
          >
            <div
              class="title"
            >
              Age rating
            </div>
            Everyone 10+
          </div>
        </div>
      </div>
    </div>
    <div
      class="root"
    >
      <div
        class="title"
      >
        Games like Portal 2
      </div>
      <div
        class="cards"
      >
        <div>
          <div
            class="root"
          >
            <div
              class="media"
              role="button"
              style="height: auto;"
              tabindex="0"
            >
              <img
                alt="Tomb Raider (2013)"
                class="image"
                src="https://media.rawg.io/media/crop/600/400/games/ad2/ad2ffdf80ba993654f31da045bc02456.jpg"
              />
            </div>
            <div
              class="content"
            >
              <div
                class="header"
              >
                <div
                  class="title"
                >
                  Tomb Raider (2013)
                </div>
                <div
                  class="score"
                >
                  4.1
                </div>
              </div>
              <div
                class="platforms"
              >
                Platforms: 
                <div>
                  <span
                    class="item"
                  >
                    PC, 
                  </span>
                </div>
                <div>
                  <span
                    class="item"
                  >
                    Xbox One
                  </span>
                </div>
              </div>
            </div>
          </div>
        </div>
      </div>
      <div
        class="button"
      >
        <button
          class="root"
          type="button"
        >
          Load more
        </button>
      </div>
    </div>
  </div>
</div>
`;
